@SQL: SHOW DATABASES;
@BEGIN
DATABASES
@END

@SQL: CREATE DATABASE DB;
@BEGIN
@END

@SQL: CREATE DATABASE DB1;
@BEGIN
@END

@SQL: CREATE DATABASE DB2;
@BEGIN
@END

@SQL: SHOW DATABASES;
@BEGIN
DATABASES
DB
DB1
DB2
@END

@SQL: USE DB;
@BEGIN
@END


@SQL: USE DB2;
@BEGIN
@END

@SQL: CREATE DATABASE DB3;
@BEGIN
@END


@SQL: SHOW DATABASES;
@BEGIN
DATABASES
DB
DB1
DB2
DB3
@END

@SQL: CREATE DATABASE DB3;
@BEGIN
@END

@SQL: DROP DATABASE DB1;
@BEGIN
@END

@SQL: SHOW DATABASES;
@BEGIN
DATABASES
DB
DB2
DB3
@END
