@USE DATASET;

N_NATIONKEY,N_NAME
8,INDIA
9,INDONESIA
12,JAPAN
18,CHINA
21,VIETNAM
@SELECT NATION.N_NATIONKEY, NATION.N_NAME FROM NATION WHERE NATION.N_REGIONKEY = (SELECT REGION.R_REGIONKEY FROM REGION WHERE REGION.R_NAME = 'ASIA') AND NATION.N_NATIONKEY < 1000;

COUNT(*)
51440
@SELECT COUNT(*) FROM PARTSUPP WHERE PARTSUPP.PS_SUPPKEY IN (SELECT SUPPLIER.S_SUPPKEY FROM SUPPLIER WHERE SUPPLIER.S_NATIONKEY IN (SELECT NATION.N_NATIONKEY FROM NATION WHERE NATION.N_REGIONKEY IN (SELECT REGION.R_REGIONKEY FROM REGION WHERE REGION.R_NAME = 'ASIA')));

