@USE DATASET;

C_MKTSEGMENT,COUNT(*),MAX(C_ACCTBAL)
BUILDING,9088,9999.49
AUTOMOBILE,8865,9997.84
MACHINERY,8956,9999.64
HOUSEHOLD,9130,9990.92
FURNITURE,8961,9999.72
@SELECT C_MKTSEGMENT, COUNT(*), MAX(C_ACCTBAL)  FROM CUSTOMER GROUP BY C_MKTSEGMENT;

R_NAME,COUNT(*)
AFRICA,5
AMERICA,5
ASIA,5
EUROPE,5
MIDDLE EAST,5
@SELECT REGION.R_NAME, COUNT(*)  FROM NATION, REGION WHERE REGION.R_REGIONKEY = NATION.N_REGIONKEY  GROUP BY NATION.N_REGIONKEY;

