@USE DATASET;

N_NATIONKEY,N_NAME
8,INDIA
9,INDONESIA
12,JAPAN
18,CHINA
21,VIETNAM
@SELECT N_NATIONKEY, N_NAME FROM NATION WHERE N_REGIONKEY = (SELECT R_REGIONKEY FROM REGION WHERE R_NAME = 'ASIA') AND N_NATIONKEY < 1000;

COUNT(*)
51440
@SELECT COUNT(*) FROM PARTSUPP WHERE PS_SUPPKEY IN (SELECT S_SUPPKEY FROM SUPPLIER WHERE S_NATIONKEY IN (SELECT N_NATIONKEY FROM NATION WHERE N_REGIONKEY IN (SELECT R_REGIONKEY FROM REGION WHERE R_NAME = 'ASIA')));

