@USE DATASET;

N_NATIONKEY,N_NAME,N_REGIONKEY,N_COMMENT
0,ALGERIA,0, haggle. carefully final deposits detect slyly agai
16,MOZAMBIQUE,0,s. ironic  unusual asymptotes wake blithely r
5,ETHIOPIA,0,ven packages wake quickly. regu
15,MOROCCO,0,rns. blithely bold courts among the closely regular packages use furiously bold platelets?
14,KENYA,0, pending excuses haggle furiously deposits. pending  express pinto beans wake fluffily past t
1,ARGENTINA,1,al foxes promise slyly according to the regular accounts. bold requests alon
24,UNITED STATES,1,y final packages. slow foxes cajole quickly. quickly silent platelets breach ironic accounts. unusual pinto be
17,PERU,1,platelets. blithely pending dependencies use fluffily across the even pinto beans. carefully silent accoun
2,BRAZIL,1,y alongside of the pending deposits. carefully special packages are about the ironic forges. slyly special
3,CANADA,1,eas hang ironic  silent packages. slyly regular packages are furiously over the tithes. fluffily bold
9,INDONESIA,2, slyly express asymptotes. regular deposits haggle slyly. carefully ironic hockey players sleep blithely. carefull
21,VIETNAM,2,hely enticingly express accounts. even  final
18,CHINA,2,c dependencies. furiously express notornis sleep slyly regular accounts. ideas sleep. depos
12,JAPAN,2,ously. final  express gifts cajole a
8,INDIA,2,ss excuses cajole slyly across the packages. deposits print aroun
7,GERMANY,3,l platelets. regular accounts x-ray: unusual  regular acco
6,FRANCE,3,refully final requests. regular  ironi
19,ROMANIA,3,ular asymptotes are about the furious multipliers. express dependencies nag above the ironically ironic account
22,RUSSIA,3, requests against the platelets use never according to the quickly regular pint
23,UNITED KINGDOM,3,eans boost carefully special requests. accounts are. carefull
13,JORDAN,4,ic deposits are blithely about the carefully regular pa
4,EGYPT,4,y above the carefully unusual theodolites. final dugouts are quickly across the furiously regular d
11,IRAQ,4,nic deposits boost atop the quickly final requests? quickly regula
20,SAUDI ARABIA,4,ts. silent requests haggle. closely express packages sleep across the blithely
10,IRAN,4,efully alongside of the slyly final dependencies.
@SELECT * FROM NATION ORDER BY N_REGIONKEY;

N_NATIONKEY,N_NAME,N_REGIONKEY,N_COMMENT
4,EGYPT,4,y above the carefully unusual theodolites. final dugouts are quickly across the furiously regular d
20,SAUDI ARABIA,4,ts. silent requests haggle. closely express packages sleep across the blithely
13,JORDAN,4,ic deposits are blithely about the carefully regular pa
10,IRAN,4,efully alongside of the slyly final dependencies.
11,IRAQ,4,nic deposits boost atop the quickly final requests? quickly regula
23,UNITED KINGDOM,3,eans boost carefully special requests. accounts are. carefull
22,RUSSIA,3, requests against the platelets use never according to the quickly regular pint
6,FRANCE,3,refully final requests. regular  ironi
7,GERMANY,3,l platelets. regular accounts x-ray: unusual  regular acco
19,ROMANIA,3,ular asymptotes are about the furious multipliers. express dependencies nag above the ironically ironic account
8,INDIA,2,ss excuses cajole slyly across the packages. deposits print aroun
18,CHINA,2,c dependencies. furiously express notornis sleep slyly regular accounts. ideas sleep. depos
12,JAPAN,2,ously. final  express gifts cajole a
9,INDONESIA,2, slyly express asymptotes. regular deposits haggle slyly. carefully ironic hockey players sleep blithely. carefull
21,VIETNAM,2,hely enticingly express accounts. even  final
24,UNITED STATES,1,y final packages. slow foxes cajole quickly. quickly silent platelets breach ironic accounts. unusual pinto be
17,PERU,1,platelets. blithely pending dependencies use fluffily across the even pinto beans. carefully silent accoun
3,CANADA,1,eas hang ironic  silent packages. slyly regular packages are furiously over the tithes. fluffily bold
2,BRAZIL,1,y alongside of the pending deposits. carefully special packages are about the ironic forges. slyly special
1,ARGENTINA,1,al foxes promise slyly according to the regular accounts. bold requests alon
16,MOZAMBIQUE,0,s. ironic  unusual asymptotes wake blithely r
15,MOROCCO,0,rns. blithely bold courts among the closely regular packages use furiously bold platelets?
14,KENYA,0, pending excuses haggle furiously deposits. pending  express pinto beans wake fluffily past t
5,ETHIOPIA,0,ven packages wake quickly. regu
0,ALGERIA,0, haggle. carefully final deposits detect slyly agai
@SELECT * FROM NATION ORDER BY N_REGIONKEY DESC;

L_ORDERKEY,L_LINENUMBER,L_SUPPKEY
5,3,14
1,6,194
3,5,234
2,1,372
1,5,465
7,6,534
3,1,541
3,4,567
6,1,655
7,7,703
@SELECT LINEITEM.L_ORDERKEY, LINEITEM.L_LINENUMBER, LINEITEM.L_SUPPKEY FROM LINEITEM WHERE LINEITEM.L_ORDERKEY < 10 ORDER BY L_SUPPKEY LIMIT 10;

L_ORDERKEY,L_LINENUMBER,L_SUPPKEY
7,4,923
3,3,1060
1,3,1111
5,2,1180
1,4,1391
4,1,1686
3,2,1965
1,2,2194
1,1,2323
@SELECT LINEITEM.L_ORDERKEY, LINEITEM.L_LINENUMBER, LINEITEM.L_SUPPKEY FROM LINEITEM WHERE LINEITEM.L_ORDERKEY < 10 ORDER BY L_SUPPKEY LIMIT 9 OFFSET 10;

L_ORDERKEY,L_LINENUMBER,L_SUPPKEY
7,2,2338
5,1,2572
7,5,2865
3,6,2912
7,1,2921
7,3,2953
@SELECT LINEITEM.L_ORDERKEY, LINEITEM.L_LINENUMBER, LINEITEM.L_SUPPKEY FROM LINEITEM WHERE LINEITEM.L_ORDERKEY < 10 ORDER BY L_SUPPKEY LIMIT 8 OFFSET 19;

L_ORDERKEY,L_LINENUMBER,L_SUPPKEY
@SELECT LINEITEM.L_ORDERKEY, LINEITEM.L_LINENUMBER, LINEITEM.L_SUPPKEY FROM LINEITEM WHERE LINEITEM.L_ORDERKEY < 10 ORDER BY L_SUPPKEY LIMIT 7 OFFSET 27;

