@CREATE DATABASE DATASET;

@USE DATASET;
@CREATE TABLE PART ...
@CREATE TABLE REGION ...
@CREATE TABLE NATION ...
@CREATE TABLE SUPPLIER ...
@CREATE TABLE CUSTOMER ...
@CREATE TABLE PARTSUPP ...
@CREATE TABLE ORDERS ...
@CREATE TABLE LINEITEM ...

Field,Type,Null,Default
L_ORDERKEY,INT,NO,NULL
L_PARTKEY,INT,NO,NULL
L_SUPPKEY,INT,NO,NULL
L_LINENUMBER,INT,NO,NULL
L_QUANTITY,FLOAT,YES,NULL
L_EXTENDEDPRICE,FLOAT,YES,NULL
L_DISCOUNT,FLOAT,YES,NULL
L_TAX,FLOAT,YES,NULL
L_RETURNFLAG,VARCHAR(1),YES,NULL
L_LINESTATUS,VARCHAR(1),YES,NULL
L_SHIPINSTRUCT,VARCHAR(25),YES,NULL
L_SHIPMODE,VARCHAR(10),YES,NULL
L_COMMENT,VARCHAR(44),YES,NULL

PRIMARY KEY (L_ORDERKEY, L_LINENUMBER);
FOREIGN KEY (L_ORDERKEY) REFERENCES ORDERS(O_ORDERKEY);
FOREIGN KEY (L_PARTKEY,L_SUPPKEY) REFERENCES PARTSUPP(PS_PARTKEY,PS_SUPPKEY);
@DESC LINEITEM;

TABLES
PART
REGION
NATION
SUPPLIER
CUSTOMER
PARTSUPP
ORDERS
LINEITEM
@SHOW TABLES;

@USE DB;
@CREATE TABLE TBL ...
@CREATE TABLE TBL2 ...

TABLES
TBL
TBL2
@SHOW TABLES;

Field,Type,Null,Default
a,INT,NO,NULL
b,VARCHAR(16),NO,NULL
c,FLOAT,NO,NULL
@DESC TBL;

@DROP TABLE TBL2;

TABLES
TBL
@SHOW TABLES;

