@CREATE DATABASE DATASET;

@USE DATASET;

@CREATE TABLE PART (P_PARTKEY INT, P_NAME VARCHAR(55), P_MFGR VARCHAR(25), P_BRAND VARCHAR(10), P_TYPE VARCHAR(25), P_SIZE INT, P_CONTAINER VARCHAR(10), P_RETAILPRICE FLOAT, P_COMMENT VARCHAR(23), PRIMARY KEY (P_PARTKEY));

@CREATE TABLE REGION (R_REGIONKEY INT, R_NAME VARCHAR(25), R_COMMENT VARCHAR(152), PRIMARY KEY (R_REGIONKEY));

@CREATE TABLE NATION (N_NATIONKEY INT, N_NAME VARCHAR(25), N_REGIONKEY INT NOT NULL, N_COMMENT VARCHAR(152), PRIMARY KEY (N_NATIONKEY), FOREIGN KEY (N_REGIONKEY) REFERENCES REGION(R_REGIONKEY));

@CREATE TABLE SUPPLIER (S_SUPPKEY INT, S_NAME VARCHAR(25), S_ADDRESS VARCHAR(40),S_NATIONKEY INT NOT NULL, S_PHONE VARCHAR(15), S_ACCTBAL FLOAT, S_COMMENT VARCHAR(101), PRIMARY KEY (S_SUPPKEY), FOREIGN KEY (S_NATIONKEY) REFERENCES NATION(N_NATIONKEY));

@CREATE TABLE CUSTOMER (C_CUSTKEY INT, C_NAME VARCHAR(25), C_ADDRESS VARCHAR(40), C_NATIONKEY INT NOT NULL, C_PHONE VARCHAR(15), C_ACCTBAL FLOAT, C_MKTSEGMENT VARCHAR(10), C_COMMENT VARCHAR(117), PRIMARY KEY (C_CUSTKEY), FOREIGN KEY (C_NATIONKEY) REFERENCES NATION(N_NATIONKEY));

@CREATE TABLE PARTSUPP (PS_PARTKEY INT NOT NULL, PS_SUPPKEY INT NOT NULL, PS_AVAILQTY INT, PS_SUPPLYCOST FLOAT, PS_COMMENT VARCHAR(199), PRIMARY KEY (PS_PARTKEY, PS_SUPPKEY), FOREIGN KEY (PS_PARTKEY) REFERENCES PART(P_PARTKEY), FOREIGN KEY (PS_SUPPKEY) REFERENCES SUPPLIER(S_SUPPKEY));

@CREATE TABLE ORDERS (O_ORDERKEY INT, O_CUSTKEY INT NOT NULL, O_ORDERSTATUS VARCHAR(1), O_TOTALPRICE FLOAT, O_ORDERPRIORITY VARCHAR(15), O_CLERK VARCHAR(15), O_SHIPPRIORITY INT, O_COMMENT VARCHAR(79), PRIMARY KEY (O_ORDERKEY), FOREIGN KEY (O_CUSTKEY) REFERENCES CUSTOMER(C_CUSTKEY));

@CREATE TABLE LINEITEM (L_ORDERKEY INT NOT NULL, L_PARTKEY INT NOT NULL, L_SUPPKEY INT NOT NULL, L_LINENUMBER INT, L_QUANTITY FLOAT, L_EXTENDEDPRICE FLOAT, L_DISCOUNT FLOAT, L_TAX FLOAT,  L_RETURNFLAG VARCHAR(1), L_LINESTATUS VARCHAR(1), L_SHIPINSTRUCT VARCHAR(25), L_SHIPMODE VARCHAR(10), L_COMMENT VARCHAR(44), PRIMARY KEY (L_ORDERKEY, L_LINENUMBER), FOREIGN KEY (L_ORDERKEY) REFERENCES ORDERS(O_ORDERKEY), FOREIGN KEY (L_PARTKEY,L_SUPPKEY) REFERENCES PARTSUPP(PS_PARTKEY,PS_SUPPKEY));

TABLES
CUSTOMER
LINEITEM
NATION
ORDERS
PART
PARTSUPP
REGION
SUPPLIER
@SHOW TABLES;

Field,Type,Null,Default
P_PARTKEY,INT,NO,NULL
P_NAME,VARCHAR(55),YES,NULL
P_MFGR,VARCHAR(25),YES,NULL
P_BRAND,VARCHAR(10),YES,NULL
P_TYPE,VARCHAR(25),YES,NULL
P_SIZE,INT,YES,NULL
P_CONTAINER,VARCHAR(10),YES,NULL
P_RETAILPRICE,FLOAT,YES,NULL
P_COMMENT,VARCHAR(23),YES,NULL

PRIMARY KEY (P_PARTKEY);
@DESC PART;

Field,Type,Null,Default
R_REGIONKEY,INT,NO,NULL
R_NAME,VARCHAR(25),YES,NULL
R_COMMENT,VARCHAR(152),YES,NULL

PRIMARY KEY (R_REGIONKEY);
@DESC REGION;

Field,Type,Null,Default
N_NATIONKEY,INT,NO,NULL
N_NAME,VARCHAR(25),YES,NULL
N_REGIONKEY,INT,NO,NULL
N_COMMENT,VARCHAR(152),YES,NULL

PRIMARY KEY (N_NATIONKEY);
FOREIGN KEY (N_REGIONKEY) REFERENCES REGION(R_REGIONKEY);
@DESC NATION;

Field,Type,Null,Default
S_SUPPKEY,INT,NO,NULL
S_NAME,VARCHAR(25),YES,NULL
S_ADDRESS,VARCHAR(40),YES,NULL
S_NATIONKEY,INT,NO,NULL
S_PHONE,VARCHAR(15),YES,NULL
S_ACCTBAL,FLOAT,YES,NULL
S_COMMENT,VARCHAR(101),YES,NULL

PRIMARY KEY (S_SUPPKEY);
FOREIGN KEY (S_NATIONKEY) REFERENCES NATION(N_NATIONKEY);
@DESC SUPPLIER;

Field,Type,Null,Default
C_CUSTKEY,INT,NO,NULL
C_NAME,VARCHAR(25),YES,NULL
C_ADDRESS,VARCHAR(40),YES,NULL
C_NATIONKEY,INT,NO,NULL
C_PHONE,VARCHAR(15),YES,NULL
C_ACCTBAL,FLOAT,YES,NULL
C_MKTSEGMENT,VARCHAR(10),YES,NULL
C_COMMENT,VARCHAR(117),YES,NULL

PRIMARY KEY (C_CUSTKEY);
FOREIGN KEY (C_NATIONKEY) REFERENCES NATION(N_NATIONKEY);
@DESC CUSTOMER;

Field,Type,Null,Default
PS_PARTKEY,INT,NO,NULL
PS_SUPPKEY,INT,NO,NULL
PS_AVAILQTY,INT,YES,NULL
PS_SUPPLYCOST,FLOAT,YES,NULL
PS_COMMENT,VARCHAR(199),YES,NULL

PRIMARY KEY (PS_PARTKEY, PS_SUPPKEY);
FOREIGN KEY (PS_PARTKEY) REFERENCES PART(P_PARTKEY);
FOREIGN KEY (PS_SUPPKEY) REFERENCES SUPPLIER(S_SUPPKEY);
@DESC PARTSUPP;

Field,Type,Null,Default
O_ORDERKEY,INT,NO,NULL
O_CUSTKEY,INT,NO,NULL
O_ORDERSTATUS,VARCHAR(1),YES,NULL
O_TOTALPRICE,FLOAT,YES,NULL
O_ORDERPRIORITY,VARCHAR(15),YES,NULL
O_CLERK,VARCHAR(15),YES,NULL
O_SHIPPRIORITY,INT,YES,NULL
O_COMMENT,VARCHAR(79),YES,NULL

PRIMARY KEY (O_ORDERKEY);
FOREIGN KEY (O_CUSTKEY) REFERENCES CUSTOMER(C_CUSTKEY);
@DESC ORDERS;

Field,Type,Null,Default
L_ORDERKEY,INT,NO,NULL
L_PARTKEY,INT,NO,NULL
L_SUPPKEY,INT,NO,NULL
L_LINENUMBER,INT,NO,NULL
L_QUANTITY,FLOAT,YES,NULL
L_EXTENDEDPRICE,FLOAT,YES,NULL
L_DISCOUNT,FLOAT,YES,NULL
L_TAX,FLOAT,YES,NULL
L_RETURNFLAG,VARCHAR(1),YES,NULL
L_LINESTATUS,VARCHAR(1),YES,NULL
L_SHIPINSTRUCT,VARCHAR(25),YES,NULL
L_SHIPMODE,VARCHAR(10),YES,NULL
L_COMMENT,VARCHAR(44),YES,NULL

PRIMARY KEY (L_ORDERKEY, L_LINENUMBER);
FOREIGN KEY (L_ORDERKEY) REFERENCES ORDERS(O_ORDERKEY);
FOREIGN KEY (L_PARTKEY, L_SUPPKEY) REFERENCES PARTSUPP(PS_PARTKEY, PS_SUPPKEY);
@DESC LINEITEM;

