@USE DB;

@CREATE TABLE TBL (a INT NOT NULL, b VARCHAR(16) NOT NULL, c FLOAT NOT NULL);

@CREATE TABLE TBL2 (a INT NOT NULL, b VARCHAR(17) NOT NULL, c FLOAT NOT NULL);

@CREATE TABLE TBL3 (a INT NOT NULL, b VARCHAR(18) NOT NULL, c FLOAT NOT NULL);

@CREATE TABLE TBL4 (a INT NOT NULL, b VARCHAR(19) NOT NULL, c FLOAT NOT NULL);

@CREATE TABLE TBL5 (a INT NOT NULL, b VARCHAR(20) NOT NULL, c FLOAT NOT NULL);

@CREATE TABLE TBL6 (a INT NOT NULL, b VARCHAR(15) NOT NULL, c FLOAT NOT NULL);

@CREATE TABLE TBL7 (a INT NOT NULL, b VARCHAR(14) NOT NULL, c FLOAT NOT NULL);

@CREATE TABLE TBL8 (a INT NOT NULL, b VARCHAR(13) NOT NULL, c FLOAT NOT NULL);

@CREATE TABLE TBL9 (a INT NOT NULL, b VARCHAR(12) NOT NULL, c FLOAT NOT NULL);

@CREATE TABLE TBL10 (a INT NOT NULL, b VARCHAR(11) NOT NULL, c FLOAT NOT NULL);

TABLES
TBL
TBL10
TBL2
TBL3
TBL4
TBL5
TBL6
TBL7
TBL8
TBL9
@SHOW TABLES;

Field,Type,Null,Default
a,INT,NO,NULL
b,VARCHAR(16),NO,NULL
c,FLOAT,NO,NULL

@DESC TBL;

@DROP TABLE TBL5;

@DROP TABLE TBL10;

TABLES
TBL
TBL2
TBL3
TBL4
TBL6
TBL7
TBL8
TBL9
@SHOW TABLES;

