@USE DATASET;

R_REGIONKEY,R_NAME,R_COMMENT
0,AFRICA,lar deposits. blithely final packages cajole. regular waters are final requests. regular accounts are according to
1,AMERICA,hs use ironic  even requests. s
2,ASIA,ges. thinly even pinto beans ca
3,EUROPE,ly final courts cajole furiously final excuse
4,MIDDLE EAST,uickly special accounts cajole carefully blithely close requests. carefully final asymptotes haggle furiousl
@SELECT * FROM REGION WHERE REGION.R_REGIONKEY >= 0;

R_REGIONKEY
2
@SELECT REGION.R_REGIONKEY FROM REGION WHERE REGION.R_REGIONKEY < 3 AND REGION.R_REGIONKEY > 1;

R_REGIONKEY
@SELECT REGION.R_REGIONKEY FROM REGION WHERE REGION.R_REGIONKEY < 6 AND REGION.R_REGIONKEY > 1 AND REGION.R_NAME = 'AMERICA';

S_SUPPKEY,S_ACCTBAL
22,-966.20
65,-963.79
1458,-980.21
1654,-988.37
1764,-990.13
1845,-971.99
1870,-989.05
1907,-987.45
2908,-986.42
@SELECT SUPPLIER.S_SUPPKEY, SUPPLIER.S_ACCTBAL FROM SUPPLIER WHERE SUPPLIER.S_ACCTBAL <= -963.2;

L_PARTKEY,L_SUPPKEY,L_ORDERKEY,L_LINENUMBER,L_COMMENT
28484,3,1072288,4,zzle quickly according to the
32247,8,1288486,5,zle carefully bold deposits
30720,1,1704965,4,ze boldly among th
@SELECT LINEITEM.L_PARTKEY, LINEITEM.L_SUPPKEY, LINEITEM.L_ORDERKEY, LINEITEM.L_LINENUMBER, LINEITEM.L_COMMENT FROM LINEITEM WHERE LINEITEM.L_SUPPKEY < 10 AND LINEITEM.L_COMMENT >= 'z';

